08-28 16:58:55.868 I/InCall  (26753): InCallPresenter - onActivityStopped
08-28 16:58:55.868 I/InCall  (26753): InCallPresenter - notifyVideoPauseController: mIsChangingConfigurations=false
08-28 16:58:56.836 I/InCall  (26753): InCallPresenter - onCallListChange oldState= NO_CALLS newState=NO_CALLS
08-28 16:58:56.837 I/InCall  (26753): InCallPresenter - onCallListChange newState changed to NO_CALLS
08-28 16:58:56.838 I/InCall  (26753): InCallPresenter - onCallListChange: Phone switching state: NO_CALLS -> NO_CALLS
08-28 16:58:56.852 I/InCall  (26753): StatusBarNotifier - sendBroadcast ACTION_ENTER_INCALL_SCREEN_DURING_CALL, hide green bar!!
08-28 16:58:56.859 I/InCall  (26753): CallList - no active call 
08-28 16:59:02.966 D/Telecom (15242): MiuiCallsManager:  entered manageDsdaInCallTones 
08-28 16:59:03.094 D/Telecom (15242): MiuiCallsManager:  entered manageDsdaInCallTones 
08-28 16:59:03.096 I/Telecom (15242): InCallController: onCallAdded: [31323426, RINGING, com.android.phone/com.android.services.telephony.TelephonyConnectionService, tel:13810317873, A, childs(0), has_parent(false), [[Capabilities: CAPABILITY_SUPPORT_HOLD CAPABILITY_MUTE CAPABILITY_SPEED_UP_MT_AUDIO]], false, ComponentInfo{com.android.phone/com.android.services.telephony.TelephonyConnectionService}, [356a192b7913b04c54574d18c28d46e6395428ab], UserHandle{0}]
08-28 16:59:03.103 I/Telecom (15242): InCallController: An InCallService already exists: ComponentInfo{com.android.incallui/com.android.incallui.InCallServiceImpl}
08-28 16:59:03.103 I/InCall  (26753): CallList - onIncoming - [Call_2, INCOMING, [Capabilities: CAPABILITY_SUPPORT_HOLD CAPABILITY_RESPOND_VIA_TEXT CAPABILITY_MUTE], children:[], parent:null, videoState:0, mIsActivSub:false, mSessionModificationState:0, conferenceable:[], VideoSettings:(CameraDir:-1)]
08-28 16:59:03.104 I/Telecom (15242): InCallController: An InCallService already exists: ComponentInfo{com.android.incallui/com.android.incallui.InCallServiceImpl}
08-28 16:59:03.104 I/InCall  (26753): InCallPresenter - Start Full Screen in call UI
08-28 16:59:03.104 I/InCall  (26753): InCallPresenter - Start UI  anyOtherSubActive:false
08-28 16:59:03.104 I/InCall  (26753): InCallPresenter - startUi: updateNotification...
08-28 16:59:03.117 I/Telecom (15242): InCallWakeLockController: Acquiring full wake lock
08-28 16:59:03.132 I/Telecom (15242): InCallController: onCanAddCallChanged : false
08-28 16:59:03.143 I/Telecom (15242): InCallController: Sending updateCall [31323426, RINGING, com.android.phone/com.android.services.telephony.TelephonyConnectionService, tel:13810317873, A, childs(0), has_parent(false), [[Capabilities: CAPABILITY_SUPPORT_HOLD CAPABILITY_MUTE CAPABILITY_SPEED_UP_MT_AUDIO]], false, ComponentInfo{com.android.phone/com.android.services.telephony.TelephonyConnectionService}, [356a192b7913b04c54574d18c28d46e6395428ab], UserHandle{0}] ==> [InCall@10, parent:null, children:[]]
08-28 16:59:03.144 I/Telecom (15242): InCallController: Components updated: [ComponentInfo{com.android.incallui/com.android.incallui.InCallServiceImpl}]
08-28 16:59:03.157 I/InCall  (26753): ContactInfoCache - Query contact info: ContactCacheEntry{name=null, number=xxxxxxxxxxx, location=null, label=null, photo=null, yellowPagePhone=null, isSipCall=false, contactUri=null, displayPhotoUri=null, contactExists=false, isEmergencyNumber=false, isVioceMailNumber=false, isOnlineChecked=false, mOnlineCheckInfo=, miProfile=miProfile is null} didLocalLookup: false
08-28 16:59:03.161 I/InCall  (26753): StatusBarNotifier - Will show "dismiss" action in the incoming call Notification
08-28 16:59:03.172 I/InCall  (26753): StatusBarNotifier - Will show "answer" action in the incoming call Notification
08-28 16:59:03.178 I/InCall  (26753): StatusBarNotifier - sendBroadcast ACTION_ENTER_INCALL_SCREEN_DURING_CALL, hide green bar!!
08-28 16:59:03.179 I/InCall  (26753): InCallPresenter - Phone switching state: NO_CALLS -> INCOMING
08-28 16:59:03.179 I/InCall  (26753): AnswerPresenter - show AnswerFragment: true  has InCallActivity: true
08-28 16:59:03.200 I/InCall  (26753): CallCardPresenter - onContactInfoComplete ContactCacheEntry: ContactCacheEntry{name=null, number=xxxxxxxxxxx, location=null, label=null, photo=null, yellowPagePhone=null, isSipCall=false, contactUri=null, displayPhotoUri=null, contactExists=false, isEmergencyNumber=false, isVioceMailNumber=false, isOnlineChecked=false, mOnlineCheckInfo=, miProfile=miProfile is null}
08-28 16:59:03.200 I/InCall  (26753): CallCardPresenter - updateSingleDisplayInfo: update single display
08-28 16:59:03.202 W/InCall  (26753): CallCardPresenter - createCallCardInfo:  markTitle:null markCount:null phoneTag:null extraInfo:null isSupect:false
08-28 16:59:03.212 I/InCall  (26753): CallCardPresenter - updateSingleDisplayInfo: update single display
08-28 16:59:03.213 W/InCall  (26753): CallCardPresenter - createCallCardInfo:  markTitle:null markCount:null phoneTag:null extraInfo:null isSupect:false
08-28 16:59:03.223 I/InCall  (26753): CallCardPresenter - incoming show big avatar
08-28 16:59:03.223 I/InCall  (26753): AnimationCircleLayout - AVATAR reset Layout start
08-28 16:59:03.224 I/InCall  (26753): AnimationCircleLayout - AVATAR clear animator
08-28 16:59:03.224 I/InCall  (26753): AnimationCircleLayout - AVATAR reset Layout end
08-28 16:59:03.225 I/InCall  (26753): CallCardPresenter - no big avatar, show small avatar for incoming
08-28 16:59:03.225 I/InCall  (26753): CallCardPresenter - ring call,show banner
08-28 16:59:03.226 I/InCall  (26753): CallCardFragment - setSingleCallState: state=4,videoState=0,sessionModificationState=0,isConference=false
08-28 16:59:03.226 I/InCall  (26753): InCall - get call state label from state: 4
08-28 16:59:03.251 I/AD-PLUGIN-SystemAdController(16437): requestSplash, package:com.android.incallui, intent:Intent { act=android.intent.action.MAIN flg=0x10840000 cmp=com.android.incallui/.InCallActivity (has extras) }, showing:false
08-28 16:59:03.251 I/AD-PLUGIN-SystemAdController(16437): isAppSplash intent:Intent { act=android.intent.action.MAIN flg=0x10840000 cmp=com.android.incallui/.InCallActivity (has extras) } aInfo:ActivityInfo{849e7d7 com.android.incallui.InCallActivity} showType
08-28 16:59:03.252 I/ActivityManager(15242): START u0 {act=android.intent.action.MAIN flg=0x10840000 cmp=com.android.incallui/.InCallActivity (has extras)} from uid 10013 on display 0
08-28 16:59:03.262 I/WtEventController(16122): dispatchSysInfoEvent AM_NEW_INTENT componentName:com.android.incallui/.InCallActivity
08-28 16:59:03.270 I/InCall  (26753): ContactInfoCache - Query contact info: ContactCacheEntry{name=null, number=xxxxxxxxxxx, location=xx, label=null, photo=null, yellowPagePhone=null, isSipCall=false, contactUri=null, displayPhotoUri=null, contactExists=false, isEmergencyNumber=false, isVioceMailNumber=false, isOnlineChecked=false, mOnlineCheckInfo=, miProfile=miProfile is null} didLocalLookup: true
08-28 16:59:03.271 I/InCall  (26753): ContactInfoCache - YellowPage: query yellowpage info.
08-28 16:59:03.271 I/InCall  (26753): CallCardFragment - ImageSetHandler msg.what: 1
08-28 16:59:03.273 I/InCall  (26753): Call - update Call_2 call, old state is INCOMING, new call detail is INCOMING
08-28 16:59:03.273 I/InCall  (26753): CallList - onUpdate - [Call_2, INCOMING, [Capabilities: CAPABILITY_SUPPORT_HOLD CAPABILITY_RESPOND_VIA_TEXT CAPABILITY_MUTE], children:[], parent:null, videoState:0, mIsActivSub:false, mSessionModificationState:0, conferenceable:[], VideoSettings:(CameraDir:-1)]
08-28 16:59:03.274 I/InCall  (26753): InCallPresenter - onCallListChange oldState= INCOMING newState=INCOMING
08-28 16:59:03.274 I/InCall  (26753): InCallPresenter - onCallListChange newState changed to INCOMING
08-28 16:59:03.275 I/InCall  (26753): InCallPresenter - onCallListChange: Phone switching state: INCOMING -> INCOMING
08-28 16:59:03.283 I/InCall  (26753): StatusBarNotifier - Will show "dismiss" action in the incoming call Notification
08-28 16:59:03.285 D/PowerKeeperEventLogManager(17062): notifyForegroundCompomentChanged ComponentInfo{com.android.incallui/com.android.incallui.InCallActivity}
08-28 16:59:03.295 I/InCall  (26753): StatusBarNotifier - Will show "answer" action in the incoming call Notification
08-28 16:59:03.317 I/InCall  (26753): StatusBarNotifier - sendBroadcast ACTION_ENTER_INCALL_SCREEN_DURING_CALL, hide green bar!!
08-28 16:59:03.318 I/InCall  (26753): VideoCallPresenter - checkForOrientationAllowedChange: currentOrientationMode=-1, newOrientationMode=-1
08-28 16:59:03.320 I/InCall  (26753): VideoCallPresenter - checkForOrientationAllowedChange: currentOrientationMode=-1, newOrientationMode=-1
08-28 16:59:03.320 I/InCall  (26753): Call - update Call_2 call, old state is INCOMING, new call detail is INCOMING
08-28 16:59:03.321 I/InCall  (26753): CallList - onUpdate - [Call_2, INCOMING, [Capabilities: CAPABILITY_SUPPORT_HOLD CAPABILITY_RESPOND_VIA_TEXT CAPABILITY_MUTE], children:[], parent:null, videoState:0, mIsActivSub:false, mSessionModificationState:0, conferenceable:[], VideoSettings:(CameraDir:-1)]
08-28 16:59:03.321 I/InCall  (26753): InCallPresenter - onCallListChange oldState= INCOMING newState=INCOMING
08-28 16:59:03.322 I/InCall  (26753): InCallPresenter - onCallListChange newState changed to INCOMING
08-28 16:59:03.322 I/InCall  (26753): InCallPresenter - onCallListChange: Phone switching state: INCOMING -> INCOMING
08-28 16:59:03.325 I/InCall  (26753): StatusBarNotifier - sendBroadcast ACTION_ENTER_INCALL_SCREEN_DURING_CALL, hide green bar!!
08-28 16:59:03.327 I/InCall  (26753): VideoCallPresenter - checkForOrientationAllowedChange: currentOrientationMode=-1, newOrientationMode=-1
08-28 16:59:03.330 I/InCall  (26753): InCallActivity - onNewIntent: intent = Intent { act=android.intent.action.MAIN flg=0x10c40000 cmp=com.android.incallui/.InCallActivity (has extras) }
08-28 16:59:03.331 I/InCall  (26753): AnimationCircleLayout - FINISH reset Layout start
08-28 16:59:03.331 I/InCall  (26753): AnimationCircleLayout - FINISH clear animator
08-28 16:59:03.331 I/InCall  (26753): AnimationCircleLayout - FINISH reset Layout end
08-28 16:59:03.340 I/InCall  (26753): InCallActivity - InCallActivity onStart()...
08-28 16:59:03.342 I/InCall  (26753): InCallPresenter - setActivity com.android.incallui.InCallPresenter@898e4ea mInCallState: INCOMING
08-28 16:59:03.342 I/InCall  (26753): InCallPresenter - onActivityStarted
08-28 16:59:03.343 I/InCall  (26753): InCallPresenter - notifyVideoPauseController: mIsChangingConfigurations=false
08-28 16:59:03.343 I/InCall  (26753): InCallActivity - InCallActivity onResume()...
08-28 16:59:03.345 I/InCall  (26753): StatusBarNotifier - sendBroadcast ACTION_ENTER_INCALL_SCREEN_DURING_CALL, hide green bar!!
08-28 16:59:03.347 I/InCall  (26753): ProximitySensor - ProximitySensor{keybrd=0, dpad=0, offhook=0, ui=1, aud=EARPIECE, isVideo=0}
08-28 16:59:03.347 I/InCall  (26753): AnswerPresenter - show AnswerFragment: true  has InCallActivity: true
08-28 16:59:03.348 W/InCall  (26753): String - incoming ignore call id:Call_2 mCallId:Call_2
08-28 16:59:03.377 I/AD-PLUGIN-SystemAdController(16437): activityIdle:ActivityInfo{36568c4 com.android.incallui.InCallActivity} mPendingSwitchingActivityInfo:null
08-28 16:59:03.467 I/InCall  (26753): ContactInfoCache - YellowPage: the yellowPagePhone is null, return and query MiProfile info.
08-28 16:59:03.479 I/InCall  (26753): ContactInfoCache - MiProfile is null, return
08-28 16:59:03.804 I/Timeline(15242): Timeline: Activity_windows_visible id: ActivityRecord{2853717 u0 com.android.incallui/.InCallActivity t34} time:50608279
08-28 16:59:05.320 D/Telecom (15242): InCallAdapter: rejectCall(InCall@10,false,null)
08-28 16:59:05.344 I/Telecom (15242): InCallController: Sending updateCall [31323426, RINGING, com.android.phone/com.android.services.telephony.TelephonyConnectionService, tel:13810317873, A, childs(0), has_parent(false), [[Capabilities: CAPABILITY_SUPPORT_HOLD CAPABILITY_MUTE CAPABILITY_SPEED_UP_MT_AUDIO]], false, ComponentInfo{com.android.phone/com.android.services.telephony.TelephonyConnectionService}, [356a192b7913b04c54574d18c28d46e6395428ab], UserHandle{0}] ==> [InCall@10, parent:null, children:[]]
08-28 16:59:05.345 I/Telecom (15242): InCallController: Components updated: [ComponentInfo{com.android.incallui/com.android.incallui.InCallServiceImpl}]
08-28 16:59:05.345 I/InCall  (26753): Call - update Call_2 call, old state is INCOMING, new call detail is INCOMING
08-28 16:59:05.346 I/InCall  (26753): CallList - onUpdate - [Call_2, INCOMING, [Capabilities: CAPABILITY_SUPPORT_HOLD CAPABILITY_RESPOND_VIA_TEXT CAPABILITY_MUTE], children:[], parent:null, videoState:0, mIsActivSub:false, mSessionModificationState:0, conferenceable:[], VideoSettings:(CameraDir:-1)]
08-28 16:59:05.346 I/InCall  (26753): InCallPresenter - onCallListChange oldState= INCOMING newState=INCOMING
08-28 16:59:05.346 I/InCall  (26753): InCallPresenter - onCallListChange newState changed to INCOMING
08-28 16:59:05.346 I/InCall  (26753): InCallPresenter - onCallListChange: Phone switching state: INCOMING -> INCOMING
08-28 16:59:05.349 I/InCall  (26753): StatusBarNotifier - sendBroadcast ACTION_ENTER_INCALL_SCREEN_DURING_CALL, hide green bar!!
08-28 16:59:05.351 I/InCall  (26753): VideoCallPresenter - checkForOrientationAllowedChange: currentOrientationMode=-1, newOrientationMode=-1
08-28 16:59:05.353 I/InCall  (26753): VideoCallPresenter - checkForOrientationAllowedChange: currentOrientationMode=-1, newOrientationMode=-1
08-28 16:59:05.643 I/Telecom (15242): InCallController: Sending updateCall [31323426, RINGING, com.android.phone/com.android.services.telephony.TelephonyConnectionService, tel:13810317873, A, childs(0), has_parent(false), [[Capabilities: CAPABILITY_SUPPORT_HOLD CAPABILITY_MUTE CAPABILITY_SPEED_UP_MT_AUDIO]], false, ComponentInfo{com.android.phone/com.android.services.telephony.TelephonyConnectionService}, [356a192b7913b04c54574d18c28d46e6395428ab], UserHandle{0}] ==> [InCall@10, parent:null, children:[]]
08-28 16:59:05.645 I/Telecom (15242): InCallController: Components updated: [ComponentInfo{com.android.incallui/com.android.incallui.InCallServiceImpl}]
08-28 16:59:05.646 I/InCall  (26753): Call - update Call_2 call, old state is INCOMING, new call detail is INCOMING
08-28 16:59:05.647 I/InCall  (26753): CallList - onUpdate - [Call_2, INCOMING, [Capabilities: CAPABILITY_SUPPORT_HOLD CAPABILITY_RESPOND_VIA_TEXT CAPABILITY_MUTE], children:[], parent:null, videoState:0, mIsActivSub:false, mSessionModificationState:0, conferenceable:[], VideoSettings:(CameraDir:-1)]
08-28 16:59:05.647 I/InCall  (26753): InCallPresenter - onCallListChange oldState= INCOMING newState=INCOMING
08-28 16:59:05.647 I/InCall  (26753): InCallPresenter - onCallListChange newState changed to INCOMING
08-28 16:59:05.647 I/InCall  (26753): InCallPresenter - onCallListChange: Phone switching state: INCOMING -> INCOMING
08-28 16:59:05.653 I/InCall  (26753): StatusBarNotifier - sendBroadcast ACTION_ENTER_INCALL_SCREEN_DURING_CALL, hide green bar!!
08-28 16:59:05.654 I/InCall  (26753): VideoCallPresenter - checkForOrientationAllowedChange: currentOrientationMode=-1, newOrientationMode=-1
08-28 16:59:05.658 I/InCall  (26753): VideoCallPresenter - checkForOrientationAllowedChange: currentOrientationMode=-1, newOrientationMode=-1
08-28 16:59:05.666 I/Telecom (15242): InCallController: Sending updateCall [31323426, RINGING, com.android.phone/com.android.services.telephony.TelephonyConnectionService, tel:13810317873, A, childs(0), has_parent(false), [[Capabilities: CAPABILITY_SUPPORT_HOLD CAPABILITY_MUTE CAPABILITY_SPEED_UP_MT_AUDIO]], false, ComponentInfo{com.android.phone/com.android.services.telephony.TelephonyConnectionService}, [356a192b7913b04c54574d18c28d46e6395428ab], UserHandle{0}] ==> [InCall@10, parent:null, children:[]]
08-28 16:59:05.667 I/Telecom (15242): InCallController: Components updated: [ComponentInfo{com.android.incallui/com.android.incallui.InCallServiceImpl}]
08-28 16:59:05.673 I/InCall  (26753): Call - update Call_2 call, old state is INCOMING, new call detail is INCOMING
08-28 16:59:05.675 I/InCall  (26753): CallList - onUpdate - [Call_2, INCOMING, [Capabilities: CAPABILITY_SUPPORT_HOLD CAPABILITY_RESPOND_VIA_TEXT CAPABILITY_MUTE], children:[], parent:null, videoState:0, mIsActivSub:false, mSessionModificationState:0, conferenceable:[], VideoSettings:(CameraDir:-1)]
08-28 16:59:05.675 I/InCall  (26753): InCallPresenter - onCallListChange oldState= INCOMING newState=INCOMING
08-28 16:59:05.675 I/InCall  (26753): InCallPresenter - onCallListChange newState changed to INCOMING
08-28 16:59:05.676 I/InCall  (26753): InCallPresenter - onCallListChange: Phone switching state: INCOMING -> INCOMING
08-28 16:59:05.678 I/Telecom (15242): InCallController: Sending updateCall [31323426, RINGING, com.android.phone/com.android.services.telephony.TelephonyConnectionService, tel:13810317873, A, childs(0), has_parent(false), [[Capabilities: CAPABILITY_SUPPORT_HOLD CAPABILITY_MUTE CAPABILITY_SPEED_UP_MT_AUDIO]], false, ComponentInfo{com.android.phone/com.android.services.telephony.TelephonyConnectionService}, [356a192b7913b04c54574d18c28d46e6395428ab], UserHandle{0}] ==> [InCall@10, parent:null, children:[]]
08-28 16:59:05.680 I/InCall  (26753): StatusBarNotifier - sendBroadcast ACTION_ENTER_INCALL_SCREEN_DURING_CALL, hide green bar!!
08-28 16:59:05.680 I/Telecom (15242): InCallController: Components updated: [ComponentInfo{com.android.incallui/com.android.incallui.InCallServiceImpl}]
08-28 16:59:05.681 I/InCall  (26753): VideoCallPresenter - checkForOrientationAllowedChange: currentOrientationMode=-1, newOrientationMode=-1
08-28 16:59:05.686 I/InCall  (26753): VideoCallPresenter - checkForOrientationAllowedChange: currentOrientationMode=-1, newOrientationMode=-1
08-28 16:59:05.690 I/Telecom (15242): InCallController: Sending updateCall [31323426, RINGING, com.android.phone/com.android.services.telephony.TelephonyConnectionService, tel:13810317873, A, childs(0), has_parent(false), [[Capabilities: CAPABILITY_SUPPORT_HOLD CAPABILITY_MUTE CAPABILITY_SPEED_UP_MT_AUDIO]], false, ComponentInfo{com.android.phone/com.android.services.telephony.TelephonyConnectionService}, [356a192b7913b04c54574d18c28d46e6395428ab], UserHandle{0}] ==> [InCall@10, parent:null, children:[]]
08-28 16:59:05.690 I/Telecom (15242): InCallController: Components updated: [ComponentInfo{com.android.incallui/com.android.incallui.InCallServiceImpl}]
08-28 16:59:05.694 I/Telecom (15242): InCallController: Sending updateCall [31323426, DISCONNECTED, com.android.phone/com.android.services.telephony.TelephonyConnectionService, tel:13810317873, A, childs(0), has_parent(false), [[Capabilities: CAPABILITY_SUPPORT_HOLD CAPABILITY_MUTE CAPABILITY_SPEED_UP_MT_AUDIO]], false, ComponentInfo{com.android.phone/com.android.services.telephony.TelephonyConnectionService}, [356a192b7913b04c54574d18c28d46e6395428ab], UserHandle{0}] ==> [InCall@10, parent:null, children:[]]
08-28 16:59:05.695 I/Telecom (15242): InCallController: Components updated: [ComponentInfo{com.android.incallui/com.android.incallui.InCallServiceImpl}]
08-28 16:59:05.695 V/Telecom (15242): InCallToneMonitor: Disconnect cause: DisconnectCause [ Code: (REJECTED) Label: () Description: () Reason: (INCOMING_REJECTED) Tone: (-1) ].
08-28 16:59:05.695 D/Telecom (15242): InCallToneMonitor: Found a disconnected call with tone to play 0.
08-28 16:59:05.696 I/Telecom (15242): InCallWakeLockController: Releasing full wake lock
08-28 16:59:05.697 I/InCall  (26753): Call - update Call_2 call, old state is INCOMING, new call detail is INCOMING
08-28 16:59:05.704 I/InCall  (26753): CallList - onUpdate - [Call_2, INCOMING, [Capabilities: CAPABILITY_SUPPORT_HOLD CAPABILITY_RESPOND_VIA_TEXT CAPABILITY_MUTE], children:[], parent:null, videoState:0, mIsActivSub:false, mSessionModificationState:0, conferenceable:[], VideoSettings:(CameraDir:-1)]
08-28 16:59:05.708 I/InCall  (26753): InCallPresenter - onCallListChange oldState= INCOMING newState=INCOMING
08-28 16:59:05.708 I/InCall  (26753): InCallPresenter - onCallListChange newState changed to INCOMING
08-28 16:59:05.709 I/InCall  (26753): InCallPresenter - onCallListChange: Phone switching state: INCOMING -> INCOMING
08-28 16:59:05.711 I/InCall  (26753): StatusBarNotifier - sendBroadcast ACTION_ENTER_INCALL_SCREEN_DURING_CALL, hide green bar!!
08-28 16:59:05.712 I/InCall  (26753): VideoCallPresenter - checkForOrientationAllowedChange: currentOrientationMode=-1, newOrientationMode=-1
08-28 16:59:05.714 I/InCall  (26753): VideoCallPresenter - checkForOrientationAllowedChange: currentOrientationMode=-1, newOrientationMode=-1
08-28 16:59:05.720 I/Telecom (15242): InCallController: onCanAddCallChanged : true
08-28 16:59:05.720 D/Telecom (15242): MiuiCallsManager:  entered manageDsdaInCallTones 
08-28 16:59:05.724 I/Telecom (15242): InCallController: onCallRemoved: [31323426, DISCONNECTED, null, tel:13810317873, A, childs(0), has_parent(false), [[Capabilities: CAPABILITY_SUPPORT_HOLD CAPABILITY_MUTE CAPABILITY_SPEED_UP_MT_AUDIO]], false, ComponentInfo{com.android.phone/com.android.services.telephony.TelephonyConnectionService}, [356a192b7913b04c54574d18c28d46e6395428ab], UserHandle{0}]
08-28 16:59:05.725 I/InCall  (26753): Call - update Call_2 call, old state is INCOMING, new call detail is DISCONNECTED
08-28 16:59:05.726 I/InCall  (26753): CallList - onDisconnect: [Call_2, DISCONNECTED, [Capabilities: CAPABILITY_SUPPORT_HOLD CAPABILITY_MUTE], children:[], parent:null, videoState:0, mIsActivSub:false, mSessionModificationState:0, conferenceable:[], VideoSettings:(CameraDir:-1)]
08-28 16:59:05.727 I/InCall  (26753): InCallPresenter - acquireWakeLock
08-28 16:59:05.728 D/Telecom (15242): MiuiCallsManager:  entered manageDsdaInCallTones 
08-28 16:59:05.730 I/InCall  (26753): InCallPresenter - releaseWakeLock
08-28 16:59:05.731 I/InCall  (26753): InCallPresenter - onCallListChange oldState= INCOMING newState=INCALL
08-28 16:59:05.732 I/InCall  (26753): InCallPresenter - onCallListChange newState changed to INCALL
08-28 16:59:05.732 I/InCall  (26753): InCallPresenter - onCallListChange: Phone switching state: INCOMING -> INCALL
08-28 16:59:05.735 I/InCall  (26753): StatusBarNotifier - sendBroadcast ACTION_ENTER_INCALL_SCREEN_DURING_CALL, hide green bar!!
08-28 16:59:05.735 I/InCall  (26753): AnswerPresenter - show AnswerFragment: false  has InCallActivity: true
08-28 16:59:05.738 I/InCall  (26753): CallCardPresenter - onContactInfoComplete ContactCacheEntry: ContactCacheEntry{name=null, number=xxxxxxxxxxx, location=xx, label=null, photo=null, yellowPagePhone=null, isSipCall=false, contactUri=null, displayPhotoUri=null, contactExists=false, isEmergencyNumber=false, isVioceMailNumber=false, isOnlineChecked=false, mOnlineCheckInfo=, miProfile=miProfile is null}
08-28 16:59:05.738 I/InCall  (26753): CallCardPresenter - updateSingleDisplayInfo: update single display
08-28 16:59:05.741 W/InCall  (26753): CallCardPresenter - createCallCardInfo:  markTitle:null markCount:null phoneTag:null extraInfo:null isSupect:false
08-28 16:59:05.748 I/InCall  (26753): CallCardPresenter - updateSingleDisplayInfo: update single display
08-28 16:59:05.752 W/InCall  (26753): CallCardPresenter - createCallCardInfo:  markTitle:null markCount:null phoneTag:null extraInfo:null isSupect:false
08-28 16:59:05.760 I/InCall  (26753): CallCardPresenter - current state idle, keep state, do nothing
08-28 16:59:05.760 I/InCall  (26753): CallCardPresenter - other state, show small avatar
08-28 16:59:05.761 I/InCall  (26753): CallCardFragment - setSingleCallState: state=10,videoState=0,sessionModificationState=0,isConference=false
08-28 16:59:05.761 I/InCall  (26753): InCall - get call state label from state: 10
08-28 16:59:05.788 I/InCall  (26753): Call - update Call_2 call, old state is DISCONNECTED, new call detail is DISCONNECTED
08-28 16:59:05.789 I/InCall  (26753): CallList - onUpdate - [Call_2, DISCONNECTED, [Capabilities: CAPABILITY_SUPPORT_HOLD CAPABILITY_MUTE], children:[], parent:null, videoState:0, mIsActivSub:false, mSessionModificationState:0, conferenceable:[], VideoSettings:(CameraDir:-1)]
08-28 16:59:05.789 I/InCall  (26753): InCallPresenter - onCallListChange oldState= INCALL newState=INCALL
08-28 16:59:05.789 I/InCall  (26753): InCallPresenter - onCallListChange newState changed to INCALL
08-28 16:59:05.789 I/InCall  (26753): InCallPresenter - onCallListChange: Phone switching state: INCALL -> INCALL
08-28 16:59:05.791 I/InCall  (26753): StatusBarNotifier - sendBroadcast ACTION_ENTER_INCALL_SCREEN_DURING_CALL, hide green bar!!
08-28 16:59:05.792 I/InCall  (26753): Call - update Call_2 call, old state is DISCONNECTED, new call detail is DISCONNECTED
08-28 16:59:05.793 I/InCall  (26753): CallList - onUpdate - [Call_2, DISCONNECTED, [Capabilities: CAPABILITY_SUPPORT_HOLD CAPABILITY_MUTE], children:[], parent:null, videoState:0, mIsActivSub:false, mSessionModificationState:0, conferenceable:[], VideoSettings:(CameraDir:-1)]
08-28 16:59:05.793 I/InCall  (26753): InCallPresenter - onCallListChange oldState= INCALL newState=INCALL
08-28 16:59:05.793 I/InCall  (26753): InCallPresenter - onCallListChange newState changed to INCALL
08-28 16:59:05.793 I/InCall  (26753): InCallPresenter - onCallListChange: Phone switching state: INCALL -> INCALL
08-28 16:59:05.795 I/InCall  (26753): StatusBarNotifier - sendBroadcast ACTION_ENTER_INCALL_SCREEN_DURING_CALL, hide green bar!!
08-28 16:59:05.797 W/InCall  (26753):  - Removing call not previously disconnected Call_2
08-28 16:59:05.804 I/InCall  (26753): InCallPresenter - onCallListChange oldState= INCALL newState=NO_CALLS
08-28 16:59:05.805 I/InCall  (26753): InCallPresenter - Hide in call UI: true
08-28 16:59:05.805 I/InCall  (26753): InCallActivity - finish().  Dialog showing: false
08-28 16:59:05.806 I/InCall  (26753): AnimationCircleLayout - FINISH startCircleAnimation
08-28 16:59:05.806 I/InCall  (26753): InCallPresenter - attemptCleanup? false
08-28 16:59:05.807 I/InCall  (26753): InCallPresenter - onCallListChange newState changed to NO_CALLS
08-28 16:59:05.807 I/InCall  (26753): InCallPresenter - onCallListChange: Phone switching state: INCALL -> NO_CALLS
08-28 16:59:05.808 I/InCall  (26753): StatusBarNotifier - sendBroadcast ACTION_ENTER_INCALL_SCREEN_DURING_CALL, hide green bar!!
08-28 16:59:05.809 I/InCall  (26753): CallCardPresenter - updateSingleDisplayInfo: update single display
08-28 16:59:05.814 I/InCall  (26753): CallCardPresenter - current state idle, keep state, do nothing
08-28 16:59:05.815 I/InCall  (26753): CallCardPresenter - other state, show small avatar
08-28 16:59:05.815 I/InCall  (26753): CallCardPresenter - has no calls, hide banner
08-28 16:59:05.817 I/InCall  (26753): CallCardFragment - setSingleCallState: state=2,videoState=0,sessionModificationState=0,isConference=false
08-28 16:59:05.818 I/InCall  (26753): InCall - get call state label from state: 2
08-28 16:59:05.818 I/InCall  (26753): CallList - no active call 
08-28 16:59:05.823 I/InCall  (26753): InCallPresenter - onCallListChange oldState= NO_CALLS newState=NO_CALLS
08-28 16:59:05.823 I/InCall  (26753): InCallPresenter - onCallListChange newState changed to NO_CALLS
08-28 16:59:05.823 I/InCall  (26753): InCallPresenter - onCallListChange: Phone switching state: NO_CALLS -> NO_CALLS
08-28 16:59:05.825 I/InCall  (26753): StatusBarNotifier - sendBroadcast ACTION_ENTER_INCALL_SCREEN_DURING_CALL, hide green bar!!
08-28 16:59:05.826 I/InCall  (26753): CallList - no active call 
08-28 16:59:05.826 I/InCall  (26753): InCallPresenter - onCallListChange oldState= NO_CALLS newState=NO_CALLS
08-28 16:59:05.826 I/InCall  (26753): InCallPresenter - onCallListChange newState changed to NO_CALLS
08-28 16:59:05.826 I/InCall  (26753): InCallPresenter - onCallListChange: Phone switching state: NO_CALLS -> NO_CALLS
08-28 16:59:05.828 I/InCall  (26753): StatusBarNotifier - sendBroadcast ACTION_ENTER_INCALL_SCREEN_DURING_CALL, hide green bar!!
08-28 16:59:05.830 I/InCall  (26753): CallList - no active call 
08-28 16:59:06.082 I/InCall  (26753):  - FINISH TranslateY Anim start
08-28 16:59:06.134 I/InCall  (26753):  - FINISH circle anim end, mIsNeedTranslateY:true
08-28 16:59:06.186 I/InCall  (26753):  - FINISH TranslateY Anim end
08-28 16:59:06.187 I/InCall  (26753): AnimationCircleLayout - FINISH directAnimationEnd, isCallBack:true
08-28 16:59:06.187 I/InCall  (26753):  - circle anim run to end.
08-28 16:59:06.227 I/InCall  (26753): CallCardFragment - CallCardFragment destroyUI
08-28 16:59:06.227 I/InCall  (26753): CallCardPresenter - updateSingleDisplayInfo: update single display
08-28 16:59:06.234 I/InCall  (26753): CallCardPresenter - current state idle, keep state, do nothing
08-28 16:59:06.235 I/InCall  (26753): CallCardPresenter - other state, show small avatar
08-28 16:59:06.235 I/InCall  (26753): CallCardPresenter - has no calls, hide banner
08-28 16:59:06.236 I/InCall  (26753): CallCardFragment - setSingleCallState: state=2,videoState=0,sessionModificationState=0,isConference=false
08-28 16:59:06.236 I/InCall  (26753): InCall - get call state label from state: 2
08-28 16:59:06.237 I/InCall  (26753): InCallActivity - after finish InCallActivity, clear resources.
08-28 16:59:06.247 I/InCall  (26753): InCallActivity - InCallActivity onPause()...
08-28 16:59:06.268 I/InCall  (26753): CallCardFragment - ImageSetHandler msg.what: 2
08-28 16:59:06.269 I/InCall  (26753): AnimationCircleLayout - AVATAR reset Layout start
08-28 16:59:06.269 I/InCall  (26753): AnimationCircleLayout - AVATAR clear animator
08-28 16:59:06.269 I/InCall  (26753): AnimationCircleLayout - AVATAR reset Layout end
08-28 16:59:06.270 I/InCall  (26753): CallCardFragment - ImageSetHandler: clear image done~
08-28 16:59:06.277 I/InCall  (26753): InCallActivity - InCallActivity onStop()...
08-28 16:59:06.279 I/InCall  (26753): StatusBarNotifier - sendBroadcast ACTION_ENTER_INCALL_SCREEN_DURING_CALL, hide green bar!!
08-28 16:59:06.285 I/InCall  (26753): ProximitySensor - ProximitySensor{keybrd=0, dpad=0, offhook=0, ui=0, aud=EARPIECE, isVideo=0}
08-28 16:59:06.288 I/InCall  (26753): InCallPresenter - onActivityStopped
08-28 16:59:06.288 I/InCall  (26753): InCallPresenter - notifyVideoPauseController: mIsChangingConfigurations=fals