08-28 15:02:37.476 I/Telecom (15242): InCallController: onCallAdded: [262669365, CONNECTING, null, tel:10086, A, childs(0), has_parent(false), [[Capabilities:]], false, ComponentInfo{com.android.phone/com.android.services.telephony.TelephonyConnectionService}, [356a192b7913b04c54574d18c28d46e6395428ab], UserHandle{0}]
08-28 15:02:37.484 I/Telecom (15242): InCallController: An InCallService already exists: ComponentInfo{com.android.incallui/com.android.incallui.InCallServiceImpl}
08-28 15:02:37.484 I/Telecom (15242): InCallController: An InCallService already exists: ComponentInfo{com.android.incallui/com.android.incallui.InCallServiceImpl}
08-28 15:02:37.501 I/Telecom (15242): InCallController: onCanAddCallChanged : false
08-28 15:02:37.512 I/InCall  (16518): InCallPresenter - onCallListChange oldState= NO_CALLS newState=PENDING_OUTGOING
08-28 15:02:37.517 I/ActivityManager(15242): START u0 {act=android.intent.action.MAIN flg=0x10840000 cmp=com.android.incallui/.InCallActivity (has extras)} from uid 10013 on display 0
08-28 15:02:37.562 I/InCall  (16518): InCallPresenter - onCallListChange newState changed to PENDING_OUTGOING
08-28 15:02:37.768 I/Telecom (15242): InCallController: Sending updateCall [262669365, CONNECTING, null, tel:10086, A, childs(0), has_parent(false), [[Capabilities:]], false, ComponentInfo{com.android.phone/com.android.services.telephony.TelephonyConnectionService}, [356a192b7913b04c54574d18c28d46e6395428ab], UserHandle{0}] ==> [InCall@1, parent:null, children:[]]
08-28 15:02:37.769 I/Telecom (15242): InCallController: Components updated: [ComponentInfo{com.android.incallui/com.android.incallui.InCallServiceImpl}]
08-28 15:02:37.986 I/Telecom (15242): InCallController: Sending updateCall [262669365, CONNECTING, com.android.phone/com.android.services.telephony.TelephonyConnectionService, tel:10086, A, childs(0), has_parent(false), [[Capabilities:]], false, ComponentInfo{com.android.phone/com.android.services.telephony.TelephonyConnectionService}, [356a192b7913b04c54574d18c28d46e6395428ab], UserHandle{0}] ==> [InCall@1, parent:null, children:[]]
08-28 15:02:37.986 I/Telecom (15242): InCallController: Components updated: [ComponentInfo{com.android.incallui/com.android.incallui.InCallServiceImpl}]
08-28 15:02:37.988 I/Telecom (15242): InCallController: Sending updateCall [262669365, CONNECTING, com.android.phone/com.android.services.telephony.TelephonyConnectionService, tel:10086, A, childs(0), has_parent(false), [[Capabilities: CAPABILITY_SUPPORT_HOLD CAPABILITY_MUTE]], false, ComponentInfo{com.android.phone/com.android.services.telephony.TelephonyConnectionService}, [356a192b7913b04c54574d18c28d46e6395428ab], UserHandle{0}] ==> [InCall@1, parent:null, children:[]]
08-28 15:02:37.989 I/Telecom (15242): InCallController: Components updated: [ComponentInfo{com.android.incallui/com.android.incallui.InCallServiceImpl}]
08-28 15:02:37.992 I/Telecom (15242): InCallController: Sending updateCall [262669365, CONNECTING, com.android.phone/com.android.services.telephony.TelephonyConnectionService, tel:10086, A, childs(0), has_parent(false), [[Capabilities: CAPABILITY_SUPPORT_HOLD CAPABILITY_MUTE]], false, ComponentInfo{com.android.phone/com.android.services.telephony.TelephonyConnectionService}, [356a192b7913b04c54574d18c28d46e6395428ab], UserHandle{0}] ==> [InCall@1, parent:null, children:[]]
08-28 15:02:37.992 I/Telecom (15242): InCallController: Components updated: [ComponentInfo{com.android.incallui/com.android.incallui.InCallServiceImpl}]
08-28 15:02:37.994 I/Telecom (15242): InCallController: Sending updateCall [262669365, CONNECTING, com.android.phone/com.android.services.telephony.TelephonyConnectionService, tel:10086, A, childs(0), has_parent(false), [[Capabilities: CAPABILITY_SUPPORT_HOLD CAPABILITY_MUTE]], false, ComponentInfo{com.android.phone/com.android.services.telephony.TelephonyConnectionService}, [356a192b7913b04c54574d18c28d46e6395428ab], UserHandle{0}] ==> [InCall@1, parent:null, children:[]]
08-28 15:02:37.995 I/Telecom (15242): InCallController: Components updated: [ComponentInfo{com.android.incallui/com.android.incallui.InCallServiceImpl}]
08-28 15:02:37.998 I/Telecom (15242): InCallController: Sending updateCall [262669365, CONNECTING, com.android.phone/com.android.services.telephony.TelephonyConnectionService, tel:10086, A, childs(0), has_parent(false), [[Capabilities: CAPABILITY_SUPPORT_HOLD CAPABILITY_MUTE]], false, ComponentInfo{com.android.phone/com.android.services.telephony.TelephonyConnectionService}, [356a192b7913b04c54574d18c28d46e6395428ab], UserHandle{0}] ==> [InCall@1, parent:null, children:[]]
08-28 15:02:37.999 I/Telecom (15242): InCallController: Components updated: [ComponentInfo{com.android.incallui/com.android.incallui.InCallServiceImpl}]
08-28 15:02:38.001 I/Telecom (15242): InCallController: Sending updateCall [262669365, CONNECTING, com.android.phone/com.android.services.telephony.TelephonyConnectionService, tel:10086, A, childs(0), has_parent(false), [[Capabilities: CAPABILITY_SUPPORT_HOLD CAPABILITY_MUTE]], false, ComponentInfo{com.android.phone/com.android.services.telephony.TelephonyConnectionService}, [356a192b7913b04c54574d18c28d46e6395428ab], UserHandle{0}] ==> [InCall@1, parent:null, children:[]]
08-28 15:02:38.002 I/Telecom (15242): InCallController: Components updated: [ComponentInfo{com.android.incallui/com.android.incallui.InCallServiceImpl}]
08-28 15:02:38.007 I/Telecom (15242): InCallController: Sending updateCall [262669365, DIALING, com.android.phone/com.android.services.telephony.TelephonyConnectionService, tel:10086, A, childs(0), has_parent(false), [[Capabilities: CAPABILITY_SUPPORT_HOLD CAPABILITY_MUTE]], false, ComponentInfo{com.android.phone/com.android.services.telephony.TelephonyConnectionService}, [356a192b7913b04c54574d18c28d46e6395428ab], UserHandle{0}] ==> [InCall@1, parent:null, children:[]]
08-28 15:02:38.008 I/Telecom (15242): InCallController: Components updated: [ComponentInfo{com.android.incallui/com.android.incallui.InCallServiceImpl}]
08-28 15:02:38.012 D/Telecom (15242): MiuiCallsManager:  entered manageDsdaInCallTones 
08-28 15:02:38.017 I/Telecom (15242): InCallController: Sending updateCall [262669365, DIALING, com.android.phone/com.android.services.telephony.TelephonyConnectionService, tel:10086, A, childs(0), has_parent(false), [[Capabilities: CAPABILITY_SUPPORT_HOLD CAPABILITY_MUTE]], false, ComponentInfo{com.android.phone/com.android.services.telephony.TelephonyConnectionService}, [356a192b7913b04c54574d18c28d46e6395428ab], UserHandle{0}] ==> [InCall@1, parent:null, children:[]]
08-28 15:02:38.017 I/Telecom (15242): InCallController: Components updated: [ComponentInfo{com.android.incallui/com.android.incallui.InCallServiceImpl}]
08-28 15:02:38.018 D/Telecom (15242): MiuiCallsManager:  entered manageDsdaInCallTones 
08-28 15:02:38.066 I/InCall  (16518): InCallPresenter - onCallListChange oldState= PENDING_OUTGOING newState=PENDING_OUTGOING
08-28 15:02:38.067 I/InCall  (16518): InCallPresenter - onCallListChange newState changed to PENDING_OUTGOING
08-28 15:02:38.161 I/Telecom (15242): InCallController: Sending updateCall [262669365, DIALING, com.android.phone/com.android.services.telephony.TelephonyConnectionService, tel:10086, A, childs(0), has_parent(false), [[Capabilities: CAPABILITY_SUPPORT_HOLD CAPABILITY_MUTE]], false, ComponentInfo{com.android.phone/com.android.services.telephony.TelephonyConnectionService}, [356a192b7913b04c54574d18c28d46e6395428ab], UserHandle{0}] ==> [InCall@1, parent:null, children:[]]
08-28 15:02:38.161 I/Telecom (15242): InCallController: Components updated: [ComponentInfo{com.android.incallui/com.android.incallui.InCallServiceImpl}]
08-28 15:02:38.166 I/Telecom (15242): InCallController: Sending updateCall [262669365, DIALING, com.android.phone/com.android.services.telephony.TelephonyConnectionService, tel:10086, A, childs(0), has_parent(false), [[Capabilities: CAPABILITY_SUPPORT_HOLD CAPABILITY_MUTE]], false, ComponentInfo{com.android.phone/com.android.services.telephony.TelephonyConnectionService}, [356a192b7913b04c54574d18c28d46e6395428ab], UserHandle{0}] ==> [InCall@1, parent:null, children:[]]
08-28 15:02:38.166 I/Telecom (15242): InCallController: Components updated: [ComponentInfo{com.android.incallui/com.android.incallui.InCallServiceImpl}]
08-28 15:02:38.181 I/InCall  (16518): Call - update Call_0 call, old state is CONNECTING, new call detail is DIALING
08-28 15:02:38.182 I/InCall  (16518): InCallPresenter - onCallListChange oldState= PENDING_OUTGOING newState=OUTGOING
08-28 15:02:38.182 I/InCall  (16518): InCallPresenter - onCallListChange newState changed to OUTGOING
08-28 15:02:38.264 I/InCall  (16518): Call - update Call_0 call, old state is DIALING, new call detail is DIALING
08-28 15:02:38.265 I/InCall  (16518): InCallPresenter - onCallListChange oldState= OUTGOING newState=OUTGOING
08-28 15:02:38.265 I/InCall  (16518): InCallPresenter - onCallListChange newState changed to OUTGOING
08-28 15:02:38.268 I/InCall  (16518): Call - update Call_0 call, old state is DIALING, new call detail is DIALING
08-28 15:02:38.269 I/InCall  (16518): InCallPresenter - onCallListChange oldState= OUTGOING newState=OUTGOING
08-28 15:02:38.269 I/InCall  (16518): InCallPresenter - onCallListChange newState changed to OUTGOING
08-28 15:02:38.273 I/InCall  (16518): Call - update Call_0 call, old state is DIALING, new call detail is DIALING
08-28 15:02:38.274 I/InCall  (16518): InCallPresenter - onCallListChange oldState= OUTGOING newState=OUTGOING
08-28 15:02:38.274 I/InCall  (16518): InCallPresenter - onCallListChange newState changed to OUTGOING
08-28 15:02:38.278 I/InCall  (16518): Call - update Call_0 call, old state is DIALING, new call detail is DIALING
08-28 15:02:38.279 I/InCall  (16518): InCallPresenter - onCallListChange oldState= OUTGOING newState=OUTGOING
08-28 15:02:38.279 I/InCall  (16518): InCallPresenter - onCallListChange newState changed to OUTGOING
08-28 15:02:38.283 I/InCall  (16518): Call - update Call_0 call, old state is DIALING, new call detail is DIALING
08-28 15:02:38.283 I/InCall  (16518): InCallPresenter - onCallListChange oldState= OUTGOING newState=OUTGOING
08-28 15:02:38.284 I/InCall  (16518): InCallPresenter - onCallListChange newState changed to OUTGOING
08-28 15:02:38.287 I/InCall  (16518): Call - update Call_0 call, old state is DIALING, new call detail is DIALING
08-28 15:02:38.288 I/InCall  (16518): InCallPresenter - onCallListChange oldState= OUTGOING newState=OUTGOING
08-28 15:02:38.288 I/InCall  (16518): InCallPresenter - onCallListChange newState changed to OUTGOING
08-28 15:02:38.293 I/InCall  (16518): Call - update Call_0 call, old state is DIALING, new call detail is DIALING
08-28 15:02:38.293 I/InCall  (16518): InCallPresenter - onCallListChange oldState= OUTGOING newState=OUTGOING
08-28 15:02:38.294 I/InCall  (16518): InCallPresenter - onCallListChange newState changed to OUTGOING
08-28 15:02:38.297 I/InCall  (16518): Call - update Call_0 call, old state is DIALING, new call detail is DIALING
08-28 15:02:38.297 I/InCall  (16518): InCallPresenter - onCallListChange oldState= OUTGOING newState=OUTGOING
08-28 15:02:38.297 I/InCall  (16518): InCallPresenter - onCallListChange newState changed to OUTGOING
08-28 15:02:38.301 I/InCall  (16518): Call - update Call_0 call, old state is DIALING, new call detail is DIALING
08-28 15:02:38.302 I/InCall  (16518): InCallPresenter - onCallListChange oldState= OUTGOING newState=OUTGOING
08-28 15:02:38.302 I/InCall  (16518): InCallPresenter - onCallListChange newState changed to OUTGOING
08-28 15:02:38.374 I/InCall  (16518): Call - update Call_0 call, old state is DIALING, new call detail is DIALING
08-28 15:02:38.375 I/InCall  (16518): InCallPresenter - onCallListChange oldState= OUTGOING newState=OUTGOING
08-28 15:02:38.375 I/InCall  (16518): InCallPresenter - onCallListChange newState changed to OUTGOING
08-28 15:02:38.380 I/InCall  (16518): Call - update Call_0 call, old state is DIALING, new call detail is DIALING
08-28 15:02:38.380 I/InCall  (16518): InCallPresenter - onCallListChange oldState= OUTGOING newState=OUTGOING
08-28 15:02:38.380 I/InCall  (16518): InCallPresenter - onCallListChange newState changed to OUTGOING
08-28 15:02:44.387 I/Telecom (15242): InCallController: Sending updateCall [262669365, DIALING, com.android.phone/com.android.services.telephony.TelephonyConnectionService, tel:10086, A, childs(0), has_parent(false), [[Capabilities: CAPABILITY_SUPPORT_HOLD CAPABILITY_MUTE]], false, ComponentInfo{com.android.phone/com.android.services.telephony.TelephonyConnectionService}, [356a192b7913b04c54574d18c28d46e6395428ab], UserHandle{0}] ==> [InCall@1, parent:null, children:[]]
08-28 15:02:44.387 I/Telecom (15242): InCallController: Components updated: [ComponentInfo{com.android.incallui/com.android.incallui.InCallServiceImpl}]
08-28 15:02:44.388 I/InCall  (16518): Call - update Call_0 call, old state is DIALING, new call detail is DIALING
08-28 15:02:44.389 I/InCall  (16518): InCallPresenter - onCallListChange oldState= OUTGOING newState=OUTGOING
08-28 15:02:44.389 I/InCall  (16518): InCallPresenter - onCallListChange newState changed to OUTGOING
08-28 15:02:44.519 I/Telecom (15242): InCallController: Sending updateCall [262669365, DIALING, com.android.phone/com.android.services.telephony.TelephonyConnectionService, tel:10086, A, childs(0), has_parent(false), [[Capabilities: CAPABILITY_SUPPORT_HOLD CAPABILITY_MUTE]], false, ComponentInfo{com.android.phone/com.android.services.telephony.TelephonyConnectionService}, [356a192b7913b04c54574d18c28d46e6395428ab], UserHandle{0}] ==> [InCall@1, parent:null, children:[]]
08-28 15:02:44.520 I/InCall  (16518): Call - update Call_0 call, old state is DIALING, new call detail is DIALING
08-28 15:02:44.521 I/InCall  (16518): InCallPresenter - onCallListChange oldState= OUTGOING newState=OUTGOING
08-28 15:02:44.521 I/InCall  (16518): InCallPresenter - onCallListChange newState changed to OUTGOING
08-28 15:02:44.530 I/Telecom (15242): InCallController: Components updated: [ComponentInfo{com.android.incallui/com.android.incallui.InCallServiceImpl}]
08-28 15:02:44.536 I/Telecom (15242): InCallController: Sending updateCall [262669365, DIALING, com.android.phone/com.android.services.telephony.TelephonyConnectionService, tel:10086, A, childs(0), has_parent(false), [[Capabilities: CAPABILITY_SUPPORT_HOLD CAPABILITY_MUTE]], false, ComponentInfo{com.android.phone/com.android.services.telephony.TelephonyConnectionService}, [356a192b7913b04c54574d18c28d46e6395428ab], UserHandle{0}] ==> [InCall@1, parent:null, children:[]]
08-28 15:02:44.539 I/Telecom (15242): InCallController: Components updated: [ComponentInfo{com.android.incallui/com.android.incallui.InCallServiceImpl}]
08-28 15:02:44.539 I/InCall  (16518): Call - update Call_0 call, old state is DIALING, new call detail is DIALING
08-28 15:02:44.540 I/InCall  (16518): InCallPresenter - onCallListChange oldState= OUTGOING newState=OUTGOING
08-28 15:02:44.540 I/InCall  (16518): InCallPresenter - onCallListChange newState changed to OUTGOING
08-28 15:02:44.543 I/Telecom (15242): InCallController: Sending updateCall [262669365, ACTIVE, com.android.phone/com.android.services.telephony.TelephonyConnectionService, tel:10086, A, childs(0), has_parent(false), [[Capabilities: CAPABILITY_SUPPORT_HOLD CAPABILITY_MUTE]], false, ComponentInfo{com.android.phone/com.android.services.telephony.TelephonyConnectionService}, [356a192b7913b04c54574d18c28d46e6395428ab], UserHandle{0}] ==> [InCall@1, parent:null, children:[]]
08-28 15:02:44.544 I/Telecom (15242): InCallController: Components updated: [ComponentInfo{com.android.incallui/com.android.incallui.InCallServiceImpl}]
08-28 15:02:44.552 I/InCall  (16518): Call - update Call_0 call, old state is DIALING, new call detail is ACTIVE
08-28 15:02:44.553 I/InCall  (16518): InCallPresenter - onCallListChange oldState= OUTGOING newState=INCALL
08-28 15:02:44.553 I/InCall  (16518): InCallPresenter - onCallListChange newState changed to INCALL
08-28 15:02:44.555 I/Telecom (15242): InCallController: onCanAddCallChanged : true
08-28 15:02:44.555 D/Telecom (15242): MiuiCallsManager:  entered manageDsdaInCallTones 
08-28 15:02:44.560 I/Telecom (15242): InCallController: Sending updateCall [262669365, ACTIVE, com.android.phone/com.android.services.telephony.TelephonyConnectionService, tel:10086, A, childs(0), has_parent(false), [[Capabilities: CAPABILITY_SUPPORT_HOLD CAPABILITY_MUTE]], false, ComponentInfo{com.android.phone/com.android.services.telephony.TelephonyConnectionService}, [356a192b7913b04c54574d18c28d46e6395428ab], UserHandle{0}] ==> [InCall@1, parent:null, children:[]]
08-28 15:02:44.561 I/Telecom (15242): InCallController: Components updated: [ComponentInfo{com.android.incallui/com.android.incallui.InCallServiceImpl}]
08-28 15:02:44.566 I/Telecom (15242): InCallController: Sending updateCall [262669365, ACTIVE, com.android.phone/com.android.services.telephony.TelephonyConnectionService, tel:10086, A, childs(0), has_parent(false), [[Capabilities: CAPABILITY_SUPPORT_HOLD CAPABILITY_MUTE]], false, ComponentInfo{com.android.phone/com.android.services.telephony.TelephonyConnectionService}, [356a192b7913b04c54574d18c28d46e6395428ab], UserHandle{0}] ==> [InCall@1, parent:null, children:[]]
08-28 15:02:44.567 I/Telecom (15242): InCallController: Components updated: [ComponentInfo{com.android.incallui/com.android.incallui.InCallServiceImpl}]
08-28 15:02:44.572 I/Telecom (15242): InCallController: Sending updateCall [262669365, ACTIVE, com.android.phone/com.android.services.telephony.TelephonyConnectionService, tel:10086, A, childs(0), has_parent(false), [[Capabilities: CAPABILITY_HOLD CAPABILITY_SUPPORT_HOLD CAPABILITY_MUTE]], false, ComponentInfo{com.android.phone/com.android.services.telephony.TelephonyConnectionService}, [356a192b7913b04c54574d18c28d46e6395428ab], UserHandle{0}] ==> [InCall@1, parent:null, children:[]]
08-28 15:02:44.573 I/Telecom (15242): InCallController: Components updated: [ComponentInfo{com.android.incallui/com.android.incallui.InCallServiceImpl}]
08-28 15:02:44.576 I/InCall  (16518): Call - update Call_0 call, old state is ACTIVE, new call detail is ACTIVE
08-28 15:02:44.576 I/InCall  (16518): InCallPresenter - onCallListChange oldState= INCALL newState=INCALL
08-28 15:02:44.576 I/InCall  (16518): InCallPresenter - onCallListChange newState changed to INCALL
08-28 15:02:44.594 I/InCall  (16518): Call - update Call_0 call, old state is ACTIVE, new call detail is ACTIVE
08-28 15:02:44.595 I/InCall  (16518): InCallPresenter - onCallListChange oldState= INCALL newState=INCALL
08-28 15:02:44.595 I/InCall  (16518): InCallPresenter - onCallListChange newState changed to INCALL
08-28 15:02:44.617 I/InCall  (16518): Call - update Call_0 call, old state is ACTIVE, new call detail is ACTIVE
08-28 15:02:44.618 I/InCall  (16518): InCallPresenter - onCallListChange oldState= INCALL newState=INCALL
08-28 15:02:44.618 I/InCall  (16518): InCallPresenter - onCallListChange newState changed to INCALL
08-28 15:02:44.622 I/InCall  (16518): Call - update Call_0 call, old state is ACTIVE, new call detail is ACTIVE
08-28 15:02:44.623 I/InCall  (16518): InCallPresenter - onCallListChange oldState= INCALL newState=INCALL
08-28 15:02:44.623 I/InCall  (16518): InCallPresenter - onCallListChange newState changed to INCALL
08-28 15:02:48.174 V/Telecom (15242): InCallAdapter: disconnectCall: InCall@1
08-28 15:02:48.608 I/Telecom (15242): InCallController: Sending updateCall [262669365, ACTIVE, com.android.phone/com.android.services.telephony.TelephonyConnectionService, tel:10086, A, childs(0), has_parent(false), [[Capabilities: CAPABILITY_HOLD CAPABILITY_SUPPORT_HOLD CAPABILITY_MUTE]], false, ComponentInfo{com.android.phone/com.android.services.telephony.TelephonyConnectionService}, [356a192b7913b04c54574d18c28d46e6395428ab], UserHandle{0}] ==> [InCall@1, parent:null, children:[]]
08-28 15:02:48.609 I/Telecom (15242): InCallController: Components updated: [ComponentInfo{com.android.incallui/com.android.incallui.InCallServiceImpl}]
08-28 15:02:48.609 I/InCall  (16518): Call - update Call_0 call, old state is ACTIVE, new call detail is DISCONNECTING
08-28 15:02:48.610 I/InCall  (16518): InCallPresenter - onCallListChange oldState= INCALL newState=INCALL
08-28 15:02:48.610 I/InCall  (16518): InCallPresenter - onCallListChange newState changed to INCALL
08-28 15:02:48.612 I/Telecom (15242): InCallController: Sending updateCall [262669365, ACTIVE, com.android.phone/com.android.services.telephony.TelephonyConnectionService, tel:10086, A, childs(0), has_parent(false), [[Capabilities: CAPABILITY_HOLD CAPABILITY_SUPPORT_HOLD CAPABILITY_MUTE]], false, ComponentInfo{com.android.phone/com.android.services.telephony.TelephonyConnectionService}, [356a192b7913b04c54574d18c28d46e6395428ab], UserHandle{0}] ==> [InCall@1, parent:null, children:[]]
08-28 15:02:48.612 I/Telecom (15242): InCallController: Components updated: [ComponentInfo{com.android.incallui/com.android.incallui.InCallServiceImpl}]
08-28 15:02:48.619 I/Telecom (15242): InCallController: Sending updateCall [262669365, ACTIVE, com.android.phone/com.android.services.telephony.TelephonyConnectionService, tel:10086, A, childs(0), has_parent(false), [[Capabilities: CAPABILITY_HOLD CAPABILITY_SUPPORT_HOLD CAPABILITY_MUTE]], false, ComponentInfo{com.android.phone/com.android.services.telephony.TelephonyConnectionService}, [356a192b7913b04c54574d18c28d46e6395428ab], UserHandle{0}] ==> [InCall@1, parent:null, children:[]]
08-28 15:02:48.620 I/Telecom (15242): InCallController: Components updated: [ComponentInfo{com.android.incallui/com.android.incallui.InCallServiceImpl}]
08-28 15:02:48.631 I/Telecom (15242): InCallController: Sending updateCall [262669365, DISCONNECTED, com.android.phone/com.android.services.telephony.TelephonyConnectionService, tel:10086, A, childs(0), has_parent(false), [[Capabilities: CAPABILITY_HOLD CAPABILITY_SUPPORT_HOLD CAPABILITY_MUTE]], false, ComponentInfo{com.android.phone/com.android.services.telephony.TelephonyConnectionService}, [356a192b7913b04c54574d18c28d46e6395428ab], UserHandle{0}] ==> [InCall@1, parent:null, children:[]]
08-28 15:02:48.634 I/Telecom (15242): InCallController: Components updated: [ComponentInfo{com.android.incallui/com.android.incallui.InCallServiceImpl}]
08-28 15:02:48.634 V/Telecom (15242): InCallToneMonitor: Disconnect cause: DisconnectCause [ Code: (LOCAL) Label: () Description: () Reason: (LOCAL) Tone: (27) ].
08-28 15:02:48.634 D/Telecom (15242): InCallToneMonitor: Found a disconnected call with tone to play 2.
08-28 15:02:48.647 D/Telecom (15242): InCallTonePlayer: run(toneId = 2)
08-28 15:02:48.647 V/Telecom (15242): InCallTonePlayer: Creating generator
08-28 15:02:48.659 I/InCall  (16518): Call - update Call_0 call, old state is DISCONNECTING, new call detail is DISCONNECTING
08-28 15:02:48.660 I/InCall  (16518): InCallPresenter - onCallListChange oldState= INCALL newState=INCALL
08-28 15:02:48.660 I/InCall  (16518): InCallPresenter - onCallListChange newState changed to INCALL
08-28 15:02:48.671 V/Telecom (15242): InCallTonePlayer: Starting tone 2...waiting for 220 ms.
08-28 15:02:48.676 D/Telecom (15242): MiuiCallsManager:  entered manageDsdaInCallTones 
08-28 15:02:48.677 I/InCall  (16518): Call - update Call_0 call, old state is DISCONNECTING, new call detail is DISCONNECTED
08-28 15:02:48.683 I/Telecom (15242): InCallController: Sending updateCall [262669365, DISCONNECTED, com.android.phone/com.android.services.telephony.TelephonyConnectionService, tel:10086, A, childs(0), has_parent(false), [[Capabilities: CAPABILITY_HOLD CAPABILITY_SUPPORT_HOLD CAPABILITY_MUTE]], false, ComponentInfo{com.android.phone/com.android.services.telephony.TelephonyConnectionService}, [356a192b7913b04c54574d18c28d46e6395428ab], UserHandle{0}] ==> [InCall@1, parent:null, children:[]]
08-28 15:02:48.685 I/Telecom (15242): InCallController: Components updated: [ComponentInfo{com.android.incallui/com.android.incallui.InCallServiceImpl}]
08-28 15:02:48.687 I/InCall  (16518): InCallPresenter - onCallListChange oldState= INCALL newState=INCALL
08-28 15:02:48.687 I/InCall  (16518): InCallPresenter - onCallListChange newState changed to INCALL
08-28 15:02:48.690 I/Telecom (15242): InCallController: onCallRemoved: [262669365, DISCONNECTED, null, tel:10086, A, childs(0), has_parent(false), [[Capabilities: CAPABILITY_HOLD CAPABILITY_SUPPORT_HOLD CAPABILITY_MUTE]], false, ComponentInfo{com.android.phone/com.android.services.telephony.TelephonyConnectionService}, [356a192b7913b04c54574d18c28d46e6395428ab], UserHandle{0}]
08-28 15:02:48.694 D/Telecom (15242): MiuiCallsManager:  entered manageDsdaInCallTones 
08-28 15:02:48.710 I/InCall  (16518): Call - update Call_0 call, old state is DISCONNECTED, new call detail is DISCONNECTED
08-28 15:02:48.711 I/InCall  (16518): InCallPresenter - onCallListChange oldState= INCALL newState=INCALL
08-28 15:02:48.711 I/InCall  (16518): InCallPresenter - onCallListChange newState changed to INCALL
08-28 15:02:48.720 I/InCall  (16518): Call - update Call_0 call, old state is DISCONNECTED, new call detail is DISCONNECTED
08-28 15:02:48.721 I/InCall  (16518): InCallPresenter - onCallListChange oldState= INCALL newState=INCALL
08-28 15:02:48.721 I/InCall  (16518): InCallPresenter - onCallListChange newState changed to INCALL
08-28 15:02:48.725 I/InCall  (16518): Call - update Call_0 call, old state is DISCONNECTED, new call detail is DISCONNECTED
08-28 15:02:48.726 I/InCall  (16518): InCallPresenter - onCallListChange oldState= INCALL newState=INCALL
08-28 15:02:48.726 I/InCall  (16518): InCallPresenter - onCallListChange newState changed to INCALL
08-28 15:02:48.877 I/InCall  (16518): InCallPresenter - onCallListChange oldState= INCALL newState=NO_CALLS
08-28 15:02:48.881 I/InCall  (16518): InCallPresenter - onCallListChange newState changed to NO_CALLS
08-28 15:02:48.911 I/InCall  (16518): InCallPresenter - onCallListChange oldState= NO_CALLS newState=NO_CALLS
08-28 15:02:48.912 I/InCall  (16518): InCallPresenter - onCallListChange newState changed to NO_CALLS
08-28 15:02:48.930 I/InCall  (16518): InCallPresenter - onCallListChange oldState= NO_CALLS newState=NO_CALLS
08-28 15:02:48.930 I/InCall  (16518): InCallPresenter - onCallListChange newState changed to NO_CALLS
08-28 15:02:48.933 I/InCall  (16518): InCallPresenter - onCallListChange oldState= NO_CALLS newState=NO_CALLS
08-28 15:02:48.933 I/InCall  (16518): InCallPresenter - onCallListChange newState changed to NO_CALLS
08-28 15:02:53.735 I/InCall  (16518): InCallPresenter - onCallListChange oldState= NO_CALLS newState=NO_CALLS
08-28 15:02:53.736 I/InCall  (16518): InCallPresenter - onCallListChange newState changed to NO_CALLS
08-28 15:15:09.294 D/Telecom (15242): MiuiCallsManager:  entered manageDsdaInCallTones 
08-28 15:15:09.446 D/Telecom (15242): MiuiCallsManager:  entered manageDsdaInCallTones 
08-28 15:15:09.447 I/Telecom (15242): InCallController: onCallAdded: [166442113, RINGING, com.android.phone/com.android.services.telephony.TelephonyConnectionService, tel:13810317873, A, childs(0), has_parent(false), [[Capabilities: CAPABILITY_SUPPORT_HOLD CAPABILITY_MUTE CAPABILITY_SPEED_UP_MT_AUDIO]], false, ComponentInfo{com.android.phone/com.android.services.telephony.TelephonyConnectionService}, [356a192b7913b04c54574d18c28d46e6395428ab], UserHandle{0}]
08-28 15:15:09.462 I/Telecom (15242): InCallController: An InCallService already exists: ComponentInfo{com.android.incallui/com.android.incallui.InCallServiceImpl}
08-28 15:15:09.462 I/Telecom (15242): InCallController: An InCallService already exists: ComponentInfo{com.android.incallui/com.android.incallui.InCallServiceImpl}
08-28 15:15:09.471 I/Telecom (15242): InCallWakeLockController: Acquiring full wake lock
08-28 15:15:09.488 I/Telecom (15242): InCallController: onCanAddCallChanged : false
08-28 15:15:09.499 I/Telecom (15242): InCallController: Sending updateCall [166442113, RINGING, com.android.phone/com.android.services.telephony.TelephonyConnectionService, tel:13810317873, A, childs(0), has_parent(false), [[Capabilities: CAPABILITY_SUPPORT_HOLD CAPABILITY_MUTE CAPABILITY_SPEED_UP_MT_AUDIO]], false, ComponentInfo{com.android.phone/com.android.services.telephony.TelephonyConnectionService}, [356a192b7913b04c54574d18c28d46e6395428ab], UserHandle{0}] ==> [InCall@4, parent:null, children:[]]
08-28 15:15:09.499 I/Telecom (15242): InCallController: Components updated: [ComponentInfo{com.android.incallui/com.android.incallui.InCallServiceImpl}]
08-28 15:15:09.667 I/ActivityManager(15242): START u0 {act=android.intent.action.MAIN flg=0x10840000 cmp=com.android.incallui/.InCallActivity (has extras)} from uid 10013 on display 0
08-28 15:15:09.915 I/InCall  (16518): Call - update Call_1 call, old state is INCOMING, new call detail is INCOMING
08-28 15:15:09.916 I/InCall  (16518): InCallPresenter - onCallListChange oldState= INCOMING newState=INCOMING
08-28 15:15:09.916 I/InCall  (16518): InCallPresenter - onCallListChange newState changed to INCOMING
08-28 15:15:09.932 I/InCall  (16518): Call - update Call_1 call, old state is INCOMING, new call detail is INCOMING
08-28 15:15:09.933 I/InCall  (16518): InCallPresenter - onCallListChange oldState= INCOMING newState=INCOMING
08-28 15:15:09.933 I/InCall  (16518): InCallPresenter - onCallListChange newState changed to INCOMING
08-28 15:15:23.529 D/Telecom (15242): InCallAdapter: answerCall(InCall@4,0)
08-28 15:15:23.787 I/Telecom (15242): InCallController: Sending updateCall [166442113, RINGING, com.android.phone/com.android.services.telephony.TelephonyConnectionService, tel:13810317873, A, childs(0), has_parent(false), [[Capabilities: CAPABILITY_SUPPORT_HOLD CAPABILITY_MUTE CAPABILITY_SPEED_UP_MT_AUDIO]], false, ComponentInfo{com.android.phone/com.android.services.telephony.TelephonyConnectionService}, [356a192b7913b04c54574d18c28d46e6395428ab], UserHandle{0}] ==> [InCall@4, parent:null, children:[]]
08-28 15:15:23.788 I/InCall  (16518): Call - update Call_1 call, old state is INCOMING, new call detail is INCOMING
08-28 15:15:23.788 I/InCall  (16518): InCallPresenter - onCallListChange oldState= INCOMING newState=INCOMING
08-28 15:15:23.789 I/InCall  (16518): InCallPresenter - onCallListChange newState changed to INCOMING
08-28 15:15:23.793 I/Telecom (15242): InCallController: Components updated: [ComponentInfo{com.android.incallui/com.android.incallui.InCallServiceImpl}]
08-28 15:15:23.798 I/Telecom (15242): InCallController: Sending updateCall [166442113, ACTIVE, com.android.phone/com.android.services.telephony.TelephonyConnectionService, tel:13810317873, A, childs(0), has_parent(false), [[Capabilities: CAPABILITY_SUPPORT_HOLD CAPABILITY_MUTE CAPABILITY_SPEED_UP_MT_AUDIO]], false, ComponentInfo{com.android.phone/com.android.services.telephony.TelephonyConnectionService}, [356a192b7913b04c54574d18c28d46e6395428ab], UserHandle{0}] ==> [InCall@4, parent:null, children:[]]
08-28 15:15:23.798 I/Telecom (15242): InCallController: Components updated: [ComponentInfo{com.android.incallui/com.android.incallui.InCallServiceImpl}]
08-28 15:15:23.799 I/InCall  (16518): Call - update Call_1 call, old state is INCOMING, new call detail is ACTIVE
08-28 15:15:23.799 I/InCall  (16518): InCallPresenter - onCallListChange oldState= INCOMING newState=INCALL
08-28 15:15:23.800 I/InCall  (16518): InCallPresenter - onCallListChange newState changed to INCALL
08-28 15:15:23.806 I/Telecom (15242): InCallWakeLockController: Releasing full wake lock
08-28 15:15:23.811 I/Telecom (15242): InCallController: onCanAddCallChanged : true
08-28 15:15:23.811 D/Telecom (15242): MiuiCallsManager:  entered manageDsdaInCallTones 
08-28 15:15:23.814 I/Telecom (15242): InCallController: Sending updateCall [166442113, ACTIVE, com.android.phone/com.android.services.telephony.TelephonyConnectionService, tel:13810317873, A, childs(0), has_parent(false), [[Capabilities: CAPABILITY_SUPPORT_HOLD CAPABILITY_MUTE CAPABILITY_SPEED_UP_MT_AUDIO]], false, ComponentInfo{com.android.phone/com.android.services.telephony.TelephonyConnectionService}, [356a192b7913b04c54574d18c28d46e6395428ab], UserHandle{0}] ==> [InCall@4, parent:null, children:[]]
08-28 15:15:23.815 I/Telecom (15242): InCallController: Components updated: [ComponentInfo{com.android.incallui/com.android.incallui.InCallServiceImpl}]
08-28 15:15:23.819 I/Telecom (15242): InCallController: Sending updateCall [166442113, ACTIVE, com.android.phone/com.android.services.telephony.TelephonyConnectionService, tel:13810317873, A, childs(0), has_parent(false), [[Capabilities: CAPABILITY_SUPPORT_HOLD CAPABILITY_MUTE CAPABILITY_SPEED_UP_MT_AUDIO]], false, ComponentInfo{com.android.phone/com.android.services.telephony.TelephonyConnectionService}, [356a192b7913b04c54574d18c28d46e6395428ab], UserHandle{0}] ==> [InCall@4, parent:null, children:[]]
08-28 15:15:23.820 I/Telecom (15242): InCallController: Components updated: [ComponentInfo{com.android.incallui/com.android.incallui.InCallServiceImpl}]
08-28 15:15:23.822 I/Telecom (15242): InCallController: Sending updateCall [166442113, ACTIVE, com.android.phone/com.android.services.telephony.TelephonyConnectionService, tel:13810317873, A, childs(0), has_parent(false), [[Capabilities: CAPABILITY_HOLD CAPABILITY_SUPPORT_HOLD CAPABILITY_MUTE CAPABILITY_SPEED_UP_MT_AUDIO]], false, ComponentInfo{com.android.phone/com.android.services.telephony.TelephonyConnectionService}, [356a192b7913b04c54574d18c28d46e6395428ab], UserHandle{0}] ==> [InCall@4, parent:null, children:[]]
08-28 15:15:23.823 I/Telecom (15242): InCallController: Components updated: [ComponentInfo{com.android.incallui/com.android.incallui.InCallServiceImpl}]
08-28 15:15:23.879 I/InCall  (16518): Call - update Call_1 call, old state is ACTIVE, new call detail is ACTIVE
08-28 15:15:23.880 I/InCall  (16518): InCallPresenter - onCallListChange oldState= INCALL newState=INCALL
08-28 15:15:23.880 I/InCall  (16518): InCallPresenter - onCallListChange newState changed to INCALL
08-28 15:15:23.915 I/InCall  (16518): Call - update Call_1 call, old state is ACTIVE, new call detail is ACTIVE
08-28 15:15:23.915 I/InCall  (16518): InCallPresenter - onCallListChange oldState= INCALL newState=INCALL
08-28 15:15:23.915 I/InCall  (16518): InCallPresenter - onCallListChange newState changed to INCALL
08-28 15:15:23.929 I/InCall  (16518): Call - update Call_1 call, old state is ACTIVE, new call detail is ACTIVE
08-28 15:15:23.929 I/InCall  (16518): InCallPresenter - onCallListChange oldState= INCALL newState=INCALL
08-28 15:15:23.929 I/InCall  (16518): InCallPresenter - onCallListChange newState changed to INCALL
08-28 15:15:23.933 I/InCall  (16518): Call - update Call_1 call, old state is ACTIVE, new call detail is ACTIVE
08-28 15:15:23.933 I/InCall  (16518): InCallPresenter - onCallListChange oldState= INCALL newState=INCALL
08-28 15:15:23.933 I/InCall  (16518): InCallPresenter - onCallListChange newState changed to INCALL
08-28 15:15:46.668 V/Telecom (15242): InCallAdapter: disconnectCall: InCall@4
08-28 15:15:47.066 I/Telecom (15242): InCallController: Sending updateCall [166442113, ACTIVE, com.android.phone/com.android.services.telephony.TelephonyConnectionService, tel:13810317873, A, childs(0), has_parent(false), [[Capabilities: CAPABILITY_HOLD CAPABILITY_SUPPORT_HOLD CAPABILITY_MUTE CAPABILITY_SPEED_UP_MT_AUDIO]], false, ComponentInfo{com.android.phone/com.android.services.telephony.TelephonyConnectionService}, [356a192b7913b04c54574d18c28d46e6395428ab], UserHandle{0}] ==> [InCall@4, parent:null, children:[]]
08-28 15:15:47.067 I/InCall  (16518): Call - update Call_1 call, old state is ACTIVE, new call detail is DISCONNECTING
08-28 15:15:47.067 I/InCall  (16518): InCallPresenter - onCallListChange oldState= INCALL newState=INCALL
08-28 15:15:47.068 I/InCall  (16518): InCallPresenter - onCallListChange newState changed to INCALL
08-28 15:15:47.073 I/Telecom (15242): InCallController: Components updated: [ComponentInfo{com.android.incallui/com.android.incallui.InCallServiceImpl}]
08-28 15:15:47.078 I/Telecom (15242): InCallController: Sending updateCall [166442113, ACTIVE, com.android.phone/com.android.services.telephony.TelephonyConnectionService, tel:13810317873, A, childs(0), has_parent(false), [[Capabilities: CAPABILITY_HOLD CAPABILITY_SUPPORT_HOLD CAPABILITY_MUTE CAPABILITY_SPEED_UP_MT_AUDIO]], false, ComponentInfo{com.android.phone/com.android.services.telephony.TelephonyConnectionService}, [356a192b7913b04c54574d18c28d46e6395428ab], UserHandle{0}] ==> [InCall@4, parent:null, children:[]]
08-28 15:15:47.079 I/Telecom (15242): InCallController: Components updated: [ComponentInfo{com.android.incallui/com.android.incallui.InCallServiceImpl}]
08-28 15:15:47.085 I/Telecom (15242): InCallController: Sending updateCall [166442113, ACTIVE, com.android.phone/com.android.services.telephony.TelephonyConnectionService, tel:13810317873, A, childs(0), has_parent(false), [[Capabilities: CAPABILITY_HOLD CAPABILITY_SUPPORT_HOLD CAPABILITY_MUTE CAPABILITY_SPEED_UP_MT_AUDIO]], false, ComponentInfo{com.android.phone/com.android.services.telephony.TelephonyConnectionService}, [356a192b7913b04c54574d18c28d46e6395428ab], UserHandle{0}] ==> [InCall@4, parent:null, children:[]]
08-28 15:15:47.087 I/Telecom (15242): InCallController: Components updated: [ComponentInfo{com.android.incallui/com.android.incallui.InCallServiceImpl}]
08-28 15:15:47.093 I/Telecom (15242): InCallController: Sending updateCall [166442113, DISCONNECTED, com.android.phone/com.android.services.telephony.TelephonyConnectionService, tel:13810317873, A, childs(0), has_parent(false), [[Capabilities: CAPABILITY_HOLD CAPABILITY_SUPPORT_HOLD CAPABILITY_MUTE CAPABILITY_SPEED_UP_MT_AUDIO]], false, ComponentInfo{com.android.phone/com.android.services.telephony.TelephonyConnectionService}, [356a192b7913b04c54574d18c28d46e6395428ab], UserHandle{0}] ==> [InCall@4, parent:null, children:[]]
08-28 15:15:47.093 I/InCall  (16518): Call - update Call_1 call, old state is DISCONNECTING, new call detail is DISCONNECTING
08-28 15:15:47.093 I/Telecom (15242): InCallController: Components updated: [ComponentInfo{com.android.incallui/com.android.incallui.InCallServiceImpl}]
08-28 15:15:47.094 V/Telecom (15242): InCallToneMonitor: Disconnect cause: DisconnectCause [ Code: (LOCAL) Label: () Description: () Reason: (LOCAL) Tone: (27) ].
08-28 15:15:47.094 D/Telecom (15242): InCallToneMonitor: Found a disconnected call with tone to play 2.
08-28 15:15:47.097 D/Telecom (15242): InCallTonePlayer: run(toneId = 2)
08-28 15:15:47.097 V/Telecom (15242): InCallTonePlayer: Creating generator
08-28 15:15:47.100 I/InCall  (16518): InCallPresenter - onCallListChange oldState= INCALL newState=INCALL
08-28 15:15:47.100 V/Telecom (15242): InCallTonePlayer: Starting tone 2...waiting for 220 ms.
08-28 15:15:47.100 I/InCall  (16518): InCallPresenter - onCallListChange newState changed to INCALL
08-28 15:15:47.115 I/InCall  (16518): Call - update Call_1 call, old state is DISCONNECTING, new call detail is DISCONNECTED
08-28 15:15:47.119 I/InCall  (16518): InCallPresenter - onCallListChange oldState= INCALL newState=INCALL
08-28 15:15:47.120 I/InCall  (16518): InCallPresenter - onCallListChange newState changed to INCALL
08-28 15:15:47.128 D/Telecom (15242): MiuiCallsManager:  entered manageDsdaInCallTones 
08-28 15:15:47.131 I/Telecom (15242): InCallController: Sending updateCall [166442113, DISCONNECTED, com.android.phone/com.android.services.telephony.TelephonyConnectionService, tel:13810317873, A, childs(0), has_parent(false), [[Capabilities: CAPABILITY_HOLD CAPABILITY_SUPPORT_HOLD CAPABILITY_MUTE CAPABILITY_SPEED_UP_MT_AUDIO]], false, ComponentInfo{com.android.phone/com.android.services.telephony.TelephonyConnectionService}, [356a192b7913b04c54574d18c28d46e6395428ab], UserHandle{0}] ==> [InCall@4, parent:null, children:[]]
08-28 15:15:47.132 I/Telecom (15242): InCallController: Components updated: [ComponentInfo{com.android.incallui/com.android.incallui.InCallServiceImpl}]
08-28 15:15:47.139 I/Telecom (15242): InCallController: onCallRemoved: [166442113, DISCONNECTED, null, tel:13810317873, A, childs(0), has_parent(false), [[Capabilities: CAPABILITY_HOLD CAPABILITY_SUPPORT_HOLD CAPABILITY_MUTE CAPABILITY_SPEED_UP_MT_AUDIO]], false, ComponentInfo{com.android.phone/com.android.services.telephony.TelephonyConnectionService}, [356a192b7913b04c54574d18c28d46e6395428ab], UserHandle{0}]
08-28 15:15:47.149 D/Telecom (15242): MiuiCallsManager:  entered manageDsdaInCallTones 
08-28 15:15:47.167 I/InCall  (16518): Call - update Call_1 call, old state is DISCONNECTED, new call detail is DISCONNECTED
08-28 15:15:47.168 I/InCall  (16518): InCallPresenter - onCallListChange oldState= INCALL newState=INCALL
08-28 15:15:47.168 I/InCall  (16518): InCallPresenter - onCallListChange newState changed to INCALL
08-28 15:15:47.174 I/InCall  (16518): Call - update Call_1 call, old state is DISCONNECTED, new call detail is DISCONNECTED
08-28 15:15:47.175 I/InCall  (16518): InCallPresenter - onCallListChange oldState= INCALL newState=INCALL
08-28 15:15:47.175 I/InCall  (16518): InCallPresenter - onCallListChange newState changed to INCALL
08-28 15:15:47.178 I/InCall  (16518): Call - update Call_1 call, old state is DISCONNECTED, new call detail is DISCONNECTED
08-28 15:15:47.179 I/InCall  (16518): InCallPresenter - onCallListChange oldState= INCALL newState=INCALL
08-28 15:15:47.179 I/InCall  (16518): InCallPresenter - onCallListChange newState changed to INCALL
08-28 15:15:47.315 I/InCall  (16518): InCallPresenter - onCallListChange oldState= INCALL newState=NO_CALLS
08-28 15:15:47.317 I/InCall  (16518): InCallPresenter - onCallListChange newState changed to NO_CALLS
08-28 15:15:47.371 I/InCall  (16518): InCallPresenter - onCallListChange oldState= NO_CALLS newState=NO_CALLS
08-28 15:15:47.372 I/InCall  (16518): InCallPresenter - onCallListChange newState changed to NO_CALLS
08-28 15:15:47.375 I/InCall  (16518): InCallPresenter - onCallListChange oldState= NO_CALLS newState=NO_CALLS
08-28 15:15:47.376 I/InCall  (16518): InCallPresenter - onCallListChange newState changed to NO_CALLS
08-28 15:15:47.388 I/InCall  (16518): InCallPresenter - onCallListChange oldState= NO_CALLS newState=NO_CALLS
08-28 15:15:47.388 I/InCall  (16518): InCallPresenter - onCallListChange newState changed to NO_CALLS
08-28 15:15:52.186 I/InCall  (16518): InCallPresenter - onCallListChange oldState= NO_CALLS newState=NO_CALLS
08-28 15:15:52.187 I/InCall  (16518): InCallPresenter - onCallListChange newState changed to NO_CALLS
08-28 15:17:10.112 I/WindowState(15242): WIN DEATH: Window{4bc0cf7 u0 com.android.incallui/com.android.incallui.InCallActivity}
08-28 15:17:10.114 D/Telecom (15242): InCallServiceConnection: onDisconnected: ComponentInfo{com.android.incallui/com.android.incallui.InCallServiceImpl}
08-28 15:17:10.114 I/Telecom (15242): InCallController: onDisconnected from ComponentInfo{com.android.incallui/com.android.incallui.InCallServiceImpl}
08-28 15:17:10.115 I/Telecom (15242): InCallController: Cleaning up a failed InCallService [onDisconnect]: ComponentInfo{com.android.incallui/com.android.incallui.InCallServiceImpl}
08-28 15:17:10.150 W/ActivityManager(15242): Scheduling restart of crashed service com.android.incallui/.InCallServiceImpl in 10998ms
08-28 15:19:00.911 D/Telecom (15242): MiuiCallsManager:  entered manageDsdaInCallTones 
08-28 15:19:01.009 D/Telecom (15242): MiuiCallsManager:  entered manageDsdaInCallTones 
08-28 15:19:01.011 I/Telecom (15242): InCallController: Attempting to bind to [system] InCall ComponentInfo{com.android.incallui/com.android.incallui.InCallServiceImpl}, with Intent { act=android.telecom.InCallService cmp=com.android.incallui/.InCallServiceImpl }
08-28 15:19:01.025 W/Telecom (15242): InCallController: The service is already bound for this component ComponentInfo{com.android.incallui/com.android.incallui.InCallServiceImpl}
08-28 15:19:01.032 I/Telecom (15242): InCallWakeLockController: Acquiring full wake lock
08-28 15:19:01.047 D/Telecom (15242): InCallServiceConnection: onServiceConnected: ComponentInfo{com.android.incallui/com.android.incallui.InCallServiceImpl}
08-28 15:19:01.047 I/Telecom (15242): InCallController: onConnected to ComponentInfo{com.android.incallui/com.android.incallui.InCallServiceImpl}
08-28 15:19:01.048 I/Telecom (15242): InCallController: Adding 1 calls to InCallService after onConnected: ComponentInfo{com.android.incallui/com.android.incallui.InCallServiceImpl}
08-28 15:19:01.053 I/Telecom (15242): InCallController: Calling onAudioStateChanged, audioState: null -> [AudioState isMuted: false, route: EARPIECE, supportedRouteMask: EARPIECE, SPEAKER]
08-28 15:19:01.053 I/Telecom (15242): InCallController: onCanAddCallChanged : false
08-28 15:19:01.125 I/InCall  (26753): InCallPresenter - onCallListChange oldState= NO_CALLS newState=NO_CALLS
08-28 15:19:01.125 I/InCall  (26753): InCallPresenter - onCallListChange newState changed to NO_CALLS
08-28 15:19:01.324 I/ActivityManager(15242): START u0 {act=android.intent.action.MAIN flg=0x10840000 cmp=com.android.incallui/.InCallActivity (has extras)} from uid 10013 on display 0
08-28 15:19:01.817 I/InCall  (26753): InCallPresenter - onCallListChange oldState= INCOMING newState=INCOMING
08-28 15:19:01.817 I/InCall  (26753): InCallPresenter - onCallListChange newState changed to INCOMING
08-28 15:19:13.904 D/Telecom (15242): InCallAdapter: answerCall(InCall@6,0)
08-28 15:19:14.212 I/Telecom (15242): InCallController: Sending updateCall [214206627, RINGING, com.android.phone/com.android.services.telephony.TelephonyConnectionService, tel:13810317873, A, childs(0), has_parent(false), [[Capabilities: CAPABILITY_SUPPORT_HOLD CAPABILITY_MUTE CAPABILITY_SPEED_UP_MT_AUDIO]], false, ComponentInfo{com.android.phone/com.android.services.telephony.TelephonyConnectionService}, [356a192b7913b04c54574d18c28d46e6395428ab], UserHandle{0}] ==> [InCall@6, parent:null, children:[]]
08-28 15:19:14.212 I/Telecom (15242): InCallController: Components updated: [ComponentInfo{com.android.incallui/com.android.incallui.InCallServiceImpl}]
08-28 15:19:14.214 I/InCall  (26753): Call - update Call_0 call, old state is INCOMING, new call detail is INCOMING
08-28 15:19:14.215 I/InCall  (26753): InCallPresenter - onCallListChange oldState= INCOMING newState=INCOMING
08-28 15:19:14.215 I/Telecom (15242): InCallController: Sending updateCall [214206627, ACTIVE, com.android.phone/com.android.services.telephony.TelephonyConnectionService, tel:13810317873, A, childs(0), has_parent(false), [[Capabilities: CAPABILITY_SUPPORT_HOLD CAPABILITY_MUTE CAPABILITY_SPEED_UP_MT_AUDIO]], false, ComponentInfo{com.android.phone/com.android.services.telephony.TelephonyConnectionService}, [356a192b7913b04c54574d18c28d46e6395428ab], UserHandle{0}] ==> [InCall@6, parent:null, children:[]]
08-28 15:19:14.215 I/InCall  (26753): InCallPresenter - onCallListChange newState changed to INCOMING
08-28 15:19:14.216 I/Telecom (15242): InCallController: Components updated: [ComponentInfo{com.android.incallui/com.android.incallui.InCallServiceImpl}]
08-28 15:19:14.221 I/Telecom (15242): InCallWakeLockController: Releasing full wake lock
08-28 15:19:14.225 I/Telecom (15242): InCallController: onCanAddCallChanged : true
08-28 15:19:14.225 D/Telecom (15242): MiuiCallsManager:  entered manageDsdaInCallTones 
08-28 15:19:14.228 I/Telecom (15242): InCallController: Sending updateCall [214206627, ACTIVE, com.android.phone/com.android.services.telephony.TelephonyConnectionService, tel:13810317873, A, childs(0), has_parent(false), [[Capabilities: CAPABILITY_SUPPORT_HOLD CAPABILITY_MUTE CAPABILITY_SPEED_UP_MT_AUDIO]], false, ComponentInfo{com.android.phone/com.android.services.telephony.TelephonyConnectionService}, [356a192b7913b04c54574d18c28d46e6395428ab], UserHandle{0}] ==> [InCall@6, parent:null, children:[]]
08-28 15:19:14.229 I/InCall  (26753): Call - update Call_0 call, old state is INCOMING, new call detail is ACTIVE
08-28 15:19:14.229 I/Telecom (15242): InCallController: Components updated: [ComponentInfo{com.android.incallui/com.android.incallui.InCallServiceImpl}]
08-28 15:19:14.230 I/InCall  (26753): InCallPresenter - onCallListChange oldState= INCOMING newState=INCALL
08-28 15:19:14.230 I/InCall  (26753): InCallPresenter - onCallListChange newState changed to INCALL
08-28 15:19:14.236 I/Telecom (15242): InCallController: Sending updateCall [214206627, ACTIVE, com.android.phone/com.android.services.telephony.TelephonyConnectionService, tel:13810317873, A, childs(0), has_parent(false), [[Capabilities: CAPABILITY_SUPPORT_HOLD CAPABILITY_MUTE CAPABILITY_SPEED_UP_MT_AUDIO]], false, ComponentInfo{com.android.phone/com.android.services.telephony.TelephonyConnectionService}, [356a192b7913b04c54574d18c28d46e6395428ab], UserHandle{0}] ==> [InCall@6, parent:null, children:[]]
08-28 15:19:14.237 I/Telecom (15242): InCallController: Components updated: [ComponentInfo{com.android.incallui/com.android.incallui.InCallServiceImpl}]
08-28 15:19:14.242 I/Telecom (15242): InCallController: Sending updateCall [214206627, ACTIVE, com.android.phone/com.android.services.telephony.TelephonyConnectionService, tel:13810317873, A, childs(0), has_parent(false), [[Capabilities: CAPABILITY_HOLD CAPABILITY_SUPPORT_HOLD CAPABILITY_MUTE CAPABILITY_SPEED_UP_MT_AUDIO]], false, ComponentInfo{com.android.phone/com.android.services.telephony.TelephonyConnectionService}, [356a192b7913b04c54574d18c28d46e6395428ab], UserHandle{0}] ==> [InCall@6, parent:null, children:[]]
08-28 15:19:14.242 I/Telecom (15242): InCallController: Components updated: [ComponentInfo{com.android.incallui/com.android.incallui.InCallServiceImpl}]
08-28 15:19:14.282 I/InCall  (26753): Call - update Call_0 call, old state is ACTIVE, new call detail is ACTIVE
